Starting always-on execution loop...

Starting strategy run at 2026-09-21 13:50:57.266887
🔄 No cached session found or token expired. Initializing fresh login handshake...
Starting login process...
✅ Successfully logged in and cached new session token!
Checking exit rules on 4 open position(s) (stop -2.0% / take +5.0%)...
Initializing Day-Trading Scanner across active tickers...
Universe: 10 explicitly configured tickers (fixed).
Successfully loaded 10 tickers for tracking loop.
🔥 MOMENTUM BUY SIGNAL TRIGGERED FOR MSFT AT RSI 28.81
Skipping MSFT BUY: Position already open.
🔥 MOMENTUM BUY SIGNAL TRIGGERED FOR AMZN AT RSI 40.94
Skipping AMZN BUY: within re-entry cooldown.
Completed scanning tickers. Waiting 5 minutes (300 seconds)...

Starting strategy run at 2026-09-21 13:55:58.649170
Checking exit rules on 4 open position(s) (stop -2.0% / take +5.0%)...
Initializing Day-Trading Scanner across active tickers...
Universe: 10 explicitly configured tickers (fixed).
Successfully loaded 10 tickers for tracking loop.
💥 MOMENTUM SELL SIGNAL TRIGGERED FOR SPY AT RSI 69.03
📝 PAPER MODE: Simulating SELL for SPY...
🔥 MOMENTUM BUY SIGNAL TRIGGERED FOR AMZN AT RSI 43.99
Skipping AMZN BUY: within re-entry cooldown.
Completed scanning tickers. Waiting 5 minutes (300 seconds)...

Starting strategy run at 2026-09-21 14:01:00.002465
Checking exit rules on 3 open position(s) (stop -2.0% / take +5.0%)...
Initializing Day-Trading Scanner across active tickers...
Universe: 10 explicitly configured tickers (fixed).
Successfully loaded 10 tickers for tracking loop.
🔥 MOMENTUM BUY SIGNAL TRIGGERED FOR AMZN AT RSI 45.10
Skipping AMZN BUY: within re-entry cooldown.
Completed scanning tickers. Waiting 5 minutes (300 seconds)...

Starting strategy run at 2026-09-21 14:06:01.402281
Checking exit rules on 3 open position(s) (stop -2.0% / take +5.0%)...
Initializing Day-Trading Scanner across active tickers...
Universe: 10 explicitly configured tickers (fixed).
Successfully loaded 10 tickers for tracking loop.
🔥 MOMENTUM BUY SIGNAL TRIGGERED FOR NVDA AT RSI 38.32
Skipping NVDA BUY: Position already open.
Completed scanning tickers. Waiting 5 minutes (300 seconds)...

Starting strategy run at 2026-09-21 14:11:03.153351
Checking exit rules on 3 open position(s) (stop -2.0% / take +5.0%)...
Initializing Day-Trading Scanner across active tickers...
Universe: 10 explicitly configured tickers (fixed).
Successfully loaded 10 tickers for tracking loop.
🔥 MOMENTUM BUY SIGNAL TRIGGERED FOR NVDA AT RSI 35.82
Skipping NVDA BUY: Position already open.
💥 MOMENTUM SELL SIGNAL TRIGGERED FOR AAPL AT RSI 66.10
📝 PAPER MODE: Simulating SELL for AAPL...
Completed scanning tickers. Waiting 5 minutes (300 seconds)...
Starting always-on execution loop...

Starting strategy run at 2026-09-21 14:15:22.562346
🔄 No cached session found or token expired. Initializing fresh login handshake...
Starting login process...
✅ Successfully logged in and cached new session token!
Initializing Day-Trading Scanner across active tickers...
Universe: 10 explicitly configured tickers (fixed).
Successfully loaded 10 tickers for tracking loop.
🔥 MOMENTUM BUY SIGNAL TRIGGERED FOR NVDA AT RSI 45.56
📝 PAPER MODE: Simulating BUY for NVDA of $20.00...
Skipping duplicate alert for NVDA BUY
🔥 MOMENTUM BUY SIGNAL TRIGGERED FOR MSFT AT RSI 43.30
📝 PAPER MODE: Simulating BUY for MSFT of $20.00...
Skipping duplicate alert for MSFT BUY
Completed scanning tickers. Waiting 5 minutes (300 seconds)...

Starting strategy run at 2026-09-21 14:20:26.499790
Checking exit rules on 2 open position(s) (stop -2.0% / take +5.0%)...
Initializing Day-Trading Scanner across active tickers...
Universe: 10 explicitly configured tickers (fixed).
Successfully loaded 10 tickers for tracking loop.
🔥 MOMENTUM BUY SIGNAL TRIGGERED FOR NVDA AT RSI 45.44
Skipping NVDA BUY: Position already open.
🔥 MOMENTUM BUY SIGNAL TRIGGERED FOR MSFT AT RSI 43.24
Skipping MSFT BUY: Position already open.
Completed scanning tickers. Waiting 5 minutes (300 seconds)...

Starting strategy run at 2026-09-21 14:25:27.790179
Checking exit rules on 2 open position(s) (stop -2.0% / take +5.0%)...
Initializing Day-Trading Scanner across active tickers...
Universe: 10 explicitly configured tickers (fixed).
Successfully loaded 10 tickers for tracking loop.
🔥 MOMENTUM BUY SIGNAL TRIGGERED FOR NVDA AT RSI 47.81
Skipping NVDA BUY: Position already open.
🔥 MOMENTUM BUY SIGNAL TRIGGERED FOR MSFT AT RSI 42.65
Skipping MSFT BUY: Position already open.
Completed scanning tickers. Waiting 5 minutes (300 seconds)...
Starting always-on execution loop...

Starting strategy run at 2026-09-21 14:30:49.138449
🔄 No cached session found or token expired. Initializing fresh login handshake...
Starting login process...
✅ Successfully logged in and cached new session token!
Initializing Day-Trading Scanner across active tickers...
Universe: 10 explicitly configured tickers (fixed).
Successfully loaded 10 tickers for tracking loop.
🔥 MOMENTUM BUY SIGNAL TRIGGERED FOR NVDA AT RSI 49.86
📝 PAPER MODE: Simulating BUY for NVDA of $20.00...
Skipping duplicate alert for NVDA BUY
🔥 MOMENTUM BUY SIGNAL TRIGGERED FOR MSFT AT RSI 38.51
📝 PAPER MODE: Simulating BUY for MSFT of $20.00...
Skipping duplicate alert for MSFT BUY
Completed scanning tickers. Waiting 5 minutes (300 seconds)...
Starting always-on execution loop...

Starting strategy run at 2026-09-21 14:31:22.781117
🔄 No cached session found or token expired. Initializing fresh login handshake...
Starting login process...
✅ Successfully logged in and cached new session token!
Initializing Day-Trading Scanner across active tickers...
Universe: 10 explicitly configured tickers (fixed).
Successfully loaded 10 tickers for tracking loop.
🔥 MOMENTUM BUY SIGNAL TRIGGERED FOR NVDA AT RSI 49.86
📝 PAPER MODE: Simulating BUY for NVDA of $20.00...
Skipping duplicate alert for NVDA BUY
🔥 MOMENTUM BUY SIGNAL TRIGGERED FOR MSFT AT RSI 38.51
📝 PAPER MODE: Simulating BUY for MSFT of $20.00...
Skipping duplicate alert for MSFT BUY
Completed scanning tickers. Waiting 5 minutes (300 seconds)...
Starting always-on execution loop...

Starting strategy run at 2026-09-21 14:36:01.944587
🔄 No cached session found or token expired. Initializing fresh login handshake...
Starting login process...
✅ Successfully logged in and cached new session token!
Checking exit rules on 2 open position(s) (stop -2.0% / take +5.0%)...
Initializing Day-Trading Scanner across active tickers...
Universe: 10 explicitly configured tickers (fixed).
Successfully loaded 10 tickers for tracking loop.
🔥 MOMENTUM BUY SIGNAL TRIGGERED FOR MSFT AT RSI 37.61
Skipping MSFT BUY: Position already open.
Completed scanning tickers. Waiting 5 minutes (300 seconds)...

Starting strategy run at 2026-09-21 14:41:04.194627
Checking exit rules on 2 open position(s) (stop -2.0% / take +5.0%)...
Initializing Day-Trading Scanner across active tickers...
Universe: 10 explicitly configured tickers (fixed).
Successfully loaded 10 tickers for tracking loop.
🔥 MOMENTUM BUY SIGNAL TRIGGERED FOR MSFT AT RSI 37.55
Skipping MSFT BUY: Position already open.
Completed scanning tickers. Waiting 5 minutes (300 seconds)...

Starting strategy run at 2026-09-21 14:46:05.443786
Checking exit rules on 2 open position(s) (stop -2.0% / take +5.0%)...
Initializing Day-Trading Scanner across active tickers...
Universe: 10 explicitly configured tickers (fixed).
Successfully loaded 10 tickers for tracking loop.
🔥 MOMENTUM BUY SIGNAL TRIGGERED FOR MSFT AT RSI 36.04
Skipping MSFT BUY: Position already open.
Completed scanning tickers. Waiting 5 minutes (300 seconds)...

Starting strategy run at 2026-09-21 14:51:06.470915
Checking exit rules on 2 open position(s) (stop -2.0% / take +5.0%)...
Initializing Day-Trading Scanner across active tickers...
Universe: 10 explicitly configured tickers (fixed).
Successfully loaded 10 tickers for tracking loop.
🔥 MOMENTUM BUY SIGNAL TRIGGERED FOR MSFT AT RSI 40.50
Skipping MSFT BUY: Position already open.
Completed scanning tickers. Waiting 5 minutes (300 seconds)...

Starting strategy run at 2026-09-21 14:56:07.577104
Checking exit rules on 2 open position(s) (stop -2.0% / take +5.0%)...
Initializing Day-Trading Scanner across active tickers...
Universe: 10 explicitly configured tickers (fixed).
Successfully loaded 10 tickers for tracking loop.
🔥 MOMENTUM BUY SIGNAL TRIGGERED FOR MSFT AT RSI 43.70
Skipping MSFT BUY: Position already open.
Completed scanning tickers. Waiting 5 minutes (300 seconds)...

Starting strategy run at 2026-09-21 15:01:08.524800
Checking exit rules on 2 open position(s) (stop -2.0% / take +5.0%)...
Initializing Day-Trading Scanner across active tickers...
Universe: 10 explicitly configured tickers (fixed).
Successfully loaded 10 tickers for tracking loop.
🔥 MOMENTUM BUY SIGNAL TRIGGERED FOR MSFT AT RSI 42.93
Skipping MSFT BUY: Position already open.
🔥 MOMENTUM BUY SIGNAL TRIGGERED FOR AMZN AT RSI 49.05
📝 PAPER MODE: Simulating BUY for AMZN of $20.00...
Skipping duplicate alert for AMZN BUY
Completed scanning tickers. Waiting 5 minutes (300 seconds)...

Starting strategy run at 2026-09-21 15:06:09.620822
Checking exit rules on 3 open position(s) (stop -2.0% / take +5.0%)...
Initializing Day-Trading Scanner across active tickers...
Universe: 10 explicitly configured tickers (fixed).
Successfully loaded 10 tickers for tracking loop.
💥 MOMENTUM SELL SIGNAL TRIGGERED FOR NVDA AT RSI 68.10
📝 PAPER MODE: Simulating SELL for NVDA...
🔥 MOMENTUM BUY SIGNAL TRIGGERED FOR MSFT AT RSI 38.65
Skipping MSFT BUY: Position already open.
🔥 MOMENTUM BUY SIGNAL TRIGGERED FOR AMZN AT RSI 45.16
Skipping AMZN BUY: Position already open.
Completed scanning tickers. Waiting 5 minutes (300 seconds)...
